
> frontend@0.1.0 build
> vite build

[36mvite v6.4.1 [32mbuilding for production...[36m[39m
transforming...
[32mÔ£ô[39m 2150 modules transformed.
rendering chunks...
computing gzip size...
[2mdist/[22m[32mindex.html                 [39m[1m[2m    0.90 kB[22m[1m[22m[2m Ôöé gzip:   0.47 kB[22m
[2mdist/[22m[35massets/index-T5jLyahY.css  [39m[1m[2m   57.23 kB[22m[1m[22m[2m Ôöé gzip:   9.61 kB[22m
[2mdist/[22m[36massets/index-BvuP_U5K.js   [39m[1m[33m1,218.75 kB[39m[22m[2m Ôöé gzip: 277.58 kB[22m
npm : [33m
No linha:1 caractere:1
+ npm run build 2>&1 | tee build-output.txt
+ ~~~~~~~~~~~~~~~~~~
    + CategoryInfo          : NotSpecified: ([33m:String) [], RemoteException
    + FullyQualifiedErrorId : NativeCommandError
 
(!) Some chunks are larger than 500 kB after minification. Consider:
- Using dynamic import() to code-split the application
- Use build.rollupOptions.output.manualChunks to improve chunking: 
https://rollupjs.org/configuration-options/#output-manualchunks
- Adjust chunk size limit for this warning via 
build.chunkSizeWarningLimit.[39m
[32mÔ£ô built in 34.57s[39m
